// Jest Snapshot v1, https://goo.gl/fbAQLP

exports[`<Button /> 1`] = `
<button
  onClick={[Function]}
  type="button"
>
  it is a button!
</button>
`;
