// Jest Snapshot v1, https://goo.gl/fbAQLP

exports[`Icon renders an icon with viewbox and title: Icon basic render 1`] = `
<StyledSvg
  viewBox="0 0 23px 23px"
>
  <title>
    Test
  </title>
  <path
    clipRule="evenodd"
    d="M6 12C6 11.4477 6.44772 11 7 11H17C17.5523 11 18 11.4477 18 12C18 12.5523 17.5523 13 17 13H7C6.44772 13 6 12.5523 6 12Z"
    fillRule="evenodd"
  />
</StyledSvg>
`;
