// Jest Snapshot v1, https://goo.gl/fbAQLP

exports[`Icon styled components Svg has correct default styles: Svg basic render 1`] = `
Object {
  "display": "inline-block",
  "fill": "currentColor",
  "height": "$theme.sizing.scale600",
  "width": "$theme.sizing.scale600",
}
`;
