// Jest Snapshot v1, https://goo.gl/fbAQLP

exports[`Input - StyledCaption - basic render: StyledCaption has correct default styles 1`] = `
Object {
  "color": "$theme.colors.mono800",
  "fontFamily": "$theme.typography.font200.fontFamily",
  "fontSize": "$theme.typography.font200.fontSize",
  "fontWeight": "$theme.typography.font200.fontWeight",
  "lineHeight": "$theme.typography.font200.lineHeight",
  "marginBottom": "$theme.sizing.scale300",
  "marginLeft": "0",
  "marginRight": "0",
  "marginTop": "$theme.sizing.scale300",
  "paddingBottom": "0",
  "paddingLeft": "0",
  "paddingRight": "0",
  "paddingTop": "0",
}
`;

exports[`Input - StyledCaption - basic render: StyledCaption has correct styles when compact and error is boolean 1`] = `
Object {
  "color": "$theme.colors.mono800",
  "fontFamily": "$theme.typography.font200.fontFamily",
  "fontSize": "$theme.typography.font200.fontSize",
  "fontWeight": "$theme.typography.font200.fontWeight",
  "lineHeight": "$theme.typography.font200.lineHeight",
  "marginBottom": "$theme.sizing.scale300",
  "marginLeft": "0",
  "marginRight": "0",
  "marginTop": "$theme.sizing.scale300",
  "paddingBottom": "0",
  "paddingLeft": "0",
  "paddingRight": "0",
  "paddingTop": "0",
}
`;

exports[`Input - StyledCaption - basic render: StyledCaption has correct styles when error is a node 1`] = `
Object {
  "color": "$theme.colors.negative400",
  "fontFamily": "$theme.typography.font200.fontFamily",
  "fontSize": "$theme.typography.font200.fontSize",
  "fontWeight": "$theme.typography.font200.fontWeight",
  "lineHeight": "$theme.typography.font200.lineHeight",
  "marginBottom": "$theme.sizing.scale300",
  "marginLeft": "0",
  "marginRight": "0",
  "marginTop": "$theme.sizing.scale300",
  "paddingBottom": "0",
  "paddingLeft": "0",
  "paddingRight": "0",
  "paddingTop": "0",
}
`;

exports[`Input - StyledInput - basic render: StyledInput has correct default styles 1`] = `
Object {
  "::placeholder": Object {
    "color": "$theme.colors.mono700",
  },
  ":hover": Object {
    "cursor": "text",
  },
  "backgroundColor": "transparent",
  "borderStyle": "none",
  "borderWidth": "0",
  "boxSizing": "border-box",
  "caretColor": "$theme.colors.primary",
  "color": "$theme.colors.mono1000",
  "fontFamily": "$theme.typography.font300.fontFamily",
  "fontSize": "$theme.typography.font300.fontSize",
  "fontWeight": "$theme.typography.font300.fontWeight",
  "lineHeight": "$theme.typography.font300.lineHeight",
  "outline": "none",
  "paddingBottom": "$theme.sizing.scale400",
  "paddingLeft": "$theme.sizing.scale500",
  "paddingRight": "$theme.sizing.scale500",
  "paddingTop": "$theme.sizing.scale400",
  "width": "100%",
}
`;

exports[`Input - StyledInput - basic render: StyledInput has correct styles when compact and disabled 1`] = `
Object {
  "::placeholder": Object {
    "color": "$theme.colors.mono600",
  },
  ":hover": Object {
    "cursor": "not-allowed",
  },
  "backgroundColor": "transparent",
  "borderStyle": "none",
  "borderWidth": "0",
  "boxSizing": "border-box",
  "caretColor": "$theme.colors.primary",
  "color": "$theme.colors.mono600",
  "fontFamily": "$theme.typography.font200.fontFamily",
  "fontSize": "$theme.typography.font200.fontSize",
  "fontWeight": "$theme.typography.font200.fontWeight",
  "lineHeight": "$theme.typography.font200.lineHeight",
  "outline": "none",
  "paddingBottom": "$theme.sizing.scale200",
  "paddingLeft": "$theme.sizing.scale500",
  "paddingRight": "$theme.sizing.scale500",
  "paddingTop": "$theme.sizing.scale200",
  "width": "100%",
}
`;

exports[`Input - StyledInputContainer - basic render: StyledInputContainer has correct default styles 1`] = `
Object {
  "backgroundColor": "$theme.colors.mono200",
  "borderColor": "$theme.colors.mono200",
  "borderRadius": "$theme.sizing.scale100",
  "borderStyle": "solid",
  "borderWidth": "1px",
  "boxShadow": "0 2px 6px transparent",
  "boxSizing": "border-box",
  "color": "$theme.colors.mono1000",
  "display": "flex",
  "fontFamily": "$theme.typography.font300.fontFamily",
  "fontSize": "$theme.typography.font300.fontSize",
  "fontWeight": "$theme.typography.font300.fontWeight",
  "lineHeight": "$theme.typography.font300.lineHeight",
  "transitionDuration": "$theme.animation.timing100",
  "transitionProperty": "border, boxShadow, backgroundColor",
  "transitionTimingFunction": "$theme.animation.easeOutCurve",
  "width": "100%",
}
`;

exports[`Input - StyledInputContainer - basic render: StyledInputContainer has correct styles when compact 1`] = `
Object {
  "backgroundColor": "$theme.colors.mono100",
  "borderColor": "$theme.colors.primary400",
  "borderRadius": "$theme.sizing.scale100",
  "borderStyle": "solid",
  "borderWidth": "1px",
  "boxShadow": "0 2px 6px $theme.colors.shadowFocus",
  "boxSizing": "border-box",
  "color": "$theme.colors.mono1000",
  "display": "flex",
  "fontFamily": "$theme.typography.font200.fontFamily",
  "fontSize": "$theme.typography.font200.fontSize",
  "fontWeight": "$theme.typography.font200.fontWeight",
  "lineHeight": "$theme.typography.font200.lineHeight",
  "transitionDuration": "$theme.animation.timing100",
  "transitionProperty": "border, boxShadow, backgroundColor",
  "transitionTimingFunction": "$theme.animation.easeOutCurve",
  "width": "100%",
}
`;

exports[`Input - StyledInputContainer - basic render: StyledInputContainer has correct styles when disabled 1`] = `
Object {
  "backgroundColor": "$theme.colors.mono300",
  "borderColor": "$theme.colors.mono300",
  "borderRadius": "0",
  "borderStyle": "solid",
  "borderWidth": "1px",
  "boxShadow": "0 2px 6px transparent",
  "boxSizing": "border-box",
  "color": "$theme.colors.mono600",
  "display": "flex",
  "fontFamily": "$theme.typography.font200.fontFamily",
  "fontSize": "$theme.typography.font200.fontSize",
  "fontWeight": "$theme.typography.font200.fontWeight",
  "lineHeight": "$theme.typography.font200.lineHeight",
  "transitionDuration": "$theme.animation.timing100",
  "transitionProperty": "border, boxShadow, backgroundColor",
  "transitionTimingFunction": "$theme.animation.easeOutCurve",
  "width": "100%",
}
`;

exports[`Input - StyledInputContainer - basic render: StyledInputContainer has correct styles when error 1`] = `
Object {
  "backgroundColor": "$theme.colors.mono100",
  "borderColor": "$theme.colors.negative400",
  "borderRadius": "0",
  "borderStyle": "solid",
  "borderWidth": "1px",
  "boxShadow": "0 2px 6px $theme.colors.shadowError",
  "boxSizing": "border-box",
  "color": "$theme.colors.mono1000",
  "display": "flex",
  "fontFamily": "$theme.typography.font200.fontFamily",
  "fontSize": "$theme.typography.font200.fontSize",
  "fontWeight": "$theme.typography.font200.fontWeight",
  "lineHeight": "$theme.typography.font200.lineHeight",
  "transitionDuration": "$theme.animation.timing100",
  "transitionProperty": "border, boxShadow, backgroundColor",
  "transitionTimingFunction": "$theme.animation.easeOutCurve",
  "width": "100%",
}
`;

exports[`Input - StyledInputContainer - basic render: StyledInputContainer has correct styles when focused 1`] = `
Object {
  "backgroundColor": "$theme.colors.mono100",
  "borderColor": "$theme.colors.primary400",
  "borderRadius": "$theme.sizing.scale100",
  "borderStyle": "solid",
  "borderWidth": "1px",
  "boxShadow": "0 2px 6px $theme.colors.shadowFocus",
  "boxSizing": "border-box",
  "color": "$theme.colors.mono1000",
  "display": "flex",
  "fontFamily": "$theme.typography.font300.fontFamily",
  "fontSize": "$theme.typography.font300.fontSize",
  "fontWeight": "$theme.typography.font300.fontWeight",
  "lineHeight": "$theme.typography.font300.lineHeight",
  "transitionDuration": "$theme.animation.timing100",
  "transitionProperty": "border, boxShadow, backgroundColor",
  "transitionTimingFunction": "$theme.animation.easeOutCurve",
  "width": "100%",
}
`;

exports[`Input - StyledInputContainer - basic render: StyledInputContainer has correct styles when has end enhancer 1`] = `
Object {
  "backgroundColor": "$theme.colors.mono100",
  "borderColor": "$theme.colors.primary400",
  "borderRadius": "$theme.sizing.scale100 0 0 $theme.sizing.scale100",
  "borderStyle": "solid",
  "borderWidth": "1px",
  "boxShadow": "0 2px 6px $theme.colors.shadowFocus",
  "boxSizing": "border-box",
  "color": "$theme.colors.mono1000",
  "display": "flex",
  "fontFamily": "$theme.typography.font200.fontFamily",
  "fontSize": "$theme.typography.font200.fontSize",
  "fontWeight": "$theme.typography.font200.fontWeight",
  "lineHeight": "$theme.typography.font200.lineHeight",
  "transitionDuration": "$theme.animation.timing100",
  "transitionProperty": "border, boxShadow, backgroundColor",
  "transitionTimingFunction": "$theme.animation.easeOutCurve",
  "width": "100%",
}
`;

exports[`Input - StyledInputContainer - basic render: StyledInputContainer has correct styles when has start and end enhancers 1`] = `
Object {
  "backgroundColor": "$theme.colors.mono100",
  "borderColor": "$theme.colors.primary400",
  "borderRadius": "0",
  "borderStyle": "solid",
  "borderWidth": "1px",
  "boxShadow": "0 2px 6px $theme.colors.shadowFocus",
  "boxSizing": "border-box",
  "color": "$theme.colors.mono1000",
  "display": "flex",
  "fontFamily": "$theme.typography.font200.fontFamily",
  "fontSize": "$theme.typography.font200.fontSize",
  "fontWeight": "$theme.typography.font200.fontWeight",
  "lineHeight": "$theme.typography.font200.lineHeight",
  "transitionDuration": "$theme.animation.timing100",
  "transitionProperty": "border, boxShadow, backgroundColor",
  "transitionTimingFunction": "$theme.animation.easeOutCurve",
  "width": "100%",
}
`;

exports[`Input - StyledInputContainer - basic render: StyledInputContainer has correct styles when has start enhancer 1`] = `
Object {
  "backgroundColor": "$theme.colors.mono100",
  "borderColor": "$theme.colors.primary400",
  "borderRadius": "0 $theme.sizing.scale100 $theme.sizing.scale100 0",
  "borderStyle": "solid",
  "borderWidth": "1px",
  "boxShadow": "0 2px 6px $theme.colors.shadowFocus",
  "boxSizing": "border-box",
  "color": "$theme.colors.mono1000",
  "display": "flex",
  "fontFamily": "$theme.typography.font200.fontFamily",
  "fontSize": "$theme.typography.font200.fontSize",
  "fontWeight": "$theme.typography.font200.fontWeight",
  "lineHeight": "$theme.typography.font200.lineHeight",
  "transitionDuration": "$theme.animation.timing100",
  "transitionProperty": "border, boxShadow, backgroundColor",
  "transitionTimingFunction": "$theme.animation.easeOutCurve",
  "width": "100%",
}
`;

exports[`Input - StyledInputEnhancer - basic render: StyledInputEnhancer has correct styles when compact and end position 1`] = `
Object {
  "backgroundColor": "$theme.colors.mono400",
  "borderRadius": "0 $theme.sizing.scale100 $theme.sizing.scale100 0",
  "color": "$theme.colors.mono900",
  "display": "flex",
  "fontFamily": "$theme.typography.font200.fontFamily",
  "fontSize": "$theme.typography.font200.fontSize",
  "fontWeight": "$theme.typography.font200.fontWeight",
  "lineHeight": "$theme.typography.font200.lineHeight",
  "paddingBottom": "$theme.sizing.scale200",
  "paddingLeft": "$theme.sizing.scale500",
  "paddingRight": "$theme.sizing.scale500",
  "paddingTop": "$theme.sizing.scale200",
}
`;

exports[`Input - StyledInputEnhancer - basic render: StyledInputEnhancer has correct styles when default size and start position 1`] = `
Object {
  "backgroundColor": "$theme.colors.mono400",
  "borderRadius": "$theme.sizing.scale100 0 0 $theme.sizing.scale100",
  "color": "$theme.colors.mono900",
  "display": "flex",
  "fontFamily": "$theme.typography.font300.fontFamily",
  "fontSize": "$theme.typography.font300.fontSize",
  "fontWeight": "$theme.typography.font300.fontWeight",
  "lineHeight": "$theme.typography.font300.lineHeight",
  "paddingBottom": "$theme.sizing.scale400",
  "paddingLeft": "$theme.sizing.scale500",
  "paddingRight": "$theme.sizing.scale500",
  "paddingTop": "$theme.sizing.scale400",
}
`;

exports[`Input - StyledLabel - basic render: StyledLabel has correct default styles 1`] = `
Object {
  "color": "$theme.colors.mono1000",
  "display": "block",
  "fontFamily": "$theme.typography.font350.fontFamily",
  "fontSize": "$theme.typography.font350.fontSize",
  "fontWeight": 500,
  "lineHeight": "$theme.typography.font350.lineHeight",
  "marginBottom": "$theme.sizing.scale300",
  "marginLeft": "0",
  "marginRight": "0",
  "marginTop": "$theme.sizing.scale300",
  "paddingBottom": "0",
  "paddingLeft": "0",
  "paddingRight": "0",
  "paddingTop": "0",
}
`;

exports[`Input - StyledLabel - basic render: StyledLabel has correct styles when compact and disabled 1`] = `
Object {
  "color": "$theme.colors.mono700",
  "display": "block",
  "fontFamily": "$theme.typography.font350.fontFamily",
  "fontSize": "$theme.typography.font350.fontSize",
  "fontWeight": 500,
  "lineHeight": "$theme.typography.font350.lineHeight",
  "marginBottom": "$theme.sizing.scale300",
  "marginLeft": "0",
  "marginRight": "0",
  "marginTop": "$theme.sizing.scale300",
  "paddingBottom": "0",
  "paddingLeft": "0",
  "paddingRight": "0",
  "paddingTop": "0",
}
`;

exports[`Input - StyledRoot - basic render: StyledRoot has correct default styles 1`] = `
Object {
  "color": "$theme.colors.mono1000",
  "display": "flex",
  "fontFamily": "$theme.typography.font300.fontFamily",
  "fontSize": "$theme.typography.font300.fontSize",
  "fontWeight": "$theme.typography.font300.fontWeight",
  "lineHeight": "$theme.typography.font300.lineHeight",
  "width": "100%",
}
`;

exports[`Input - StyledRoot - basic render: StyledRoot has correct styles when compact 1`] = `
Object {
  "color": "$theme.colors.mono1000",
  "display": "flex",
  "fontFamily": "$theme.typography.font200.fontFamily",
  "fontSize": "$theme.typography.font200.fontSize",
  "fontWeight": "$theme.typography.font200.fontWeight",
  "lineHeight": "$theme.typography.font200.lineHeight",
  "width": "100%",
}
`;
