// Jest Snapshot v1, https://goo.gl/fbAQLP

exports[`StatefulSelectContainer renders correctly: StatefulSelectContainer has correct render 1`] = `
<StatefulSelectContainer
  initialState={
    Object {
      "value": Array [
        Object {
          "id": "id",
          "label": "label",
        },
      ],
    }
  }
  onChange={[MockFunction]}
  overrides={Object {}}
  stateReducer={[MockFunction]}
>
  <div>
    test
  </div>
</StatefulSelectContainer>
`;
