// Jest Snapshot v1, https://goo.gl/fbAQLP

exports[`Header Navigation styled components NavigationItem NavigationItem: NavigationItem has correct styles 1`] = `
Object {
  "alignSelf": "center",
  "paddingLeft": "$theme.sizing.scale800",
}
`;

exports[`Header Navigation styled components NavigationList NavigationList: NavigationList has correct styles when set to align center 1`] = `
Array [
  "align",
]
`;

exports[`Header Navigation styled components NavigationList NavigationList: NavigationList has correct styles when set to align flex-end 1`] = `
Array [
  "align",
]
`;

exports[`Header Navigation styled components NavigationList NavigationList: NavigationList has correct styles when set to align flex-start 1`] = `
Array [
  "align",
]
`;

exports[`Header Navigation styled components StyledRoot Root: StyledRoot has correct styles 1`] = `
Object {
  "borderBottom": "1px solid $theme.colors.border",
  "display": "flex",
  "fontFamily": "$theme.typography.font400.fontFamily",
  "fontSize": "$theme.typography.font400.fontSize",
  "fontWeight": "$theme.typography.font400.fontWeight",
  "lineHeight": "$theme.typography.font400.lineHeight",
  "paddingBottom": "$theme.sizing.scale500",
  "paddingTop": "$theme.sizing.scale500",
}
`;
