// Jest Snapshot v1, https://goo.gl/fbAQLP

exports[`Component styled components StyledBody - basic render: StyledBody has correct default styles 1`] = `
Object {
  "backgroundColor": "$theme.colors.primary500",
  "borderRadius": "$theme.borders.radius200",
  "boxShadow": "$theme.lighting.shadow600",
  "color": "$theme.colors.toastText",
  "fontFamily": "$theme.typography.font350.fontFamily",
  "fontSize": "$theme.typography.font350.fontSize",
  "fontWeight": "$theme.typography.font350.fontWeight",
  "height": "auto",
  "lineHeight": "$theme.typography.font350.lineHeight",
  "marginBottom": "$theme.sizing.scale300",
  "marginTop": "$theme.sizing.scale300",
  "opacity": 0,
  "paddingBottom": "$theme.sizing.scale600",
  "paddingLeft": "$theme.sizing.scale600",
  "paddingRight": "$theme.sizing.scale600",
  "paddingTop": "$theme.sizing.scale600",
  "pointerEvents": "auto",
  "transitionDuration": "$theme.animation.timing100",
  "transitionProperty": "all",
  "transitionTimingFunction": "$theme.animation.easeInOutCurve",
  "width": "288px",
}
`;

exports[`Component styled components StyledBody - inline type styles: StyledBody has correct default styles when type is set to TYPE.inline 1`] = `
Object {
  "backgroundColor": "$theme.colors.primary500",
  "borderRadius": "$theme.borders.radius200",
  "boxShadow": "$theme.lighting.shadow600",
  "color": "$theme.colors.toastText",
  "fontFamily": "$theme.typography.font350.fontFamily",
  "fontSize": "$theme.typography.font350.fontSize",
  "fontWeight": "$theme.typography.font350.fontWeight",
  "height": "auto",
  "lineHeight": "$theme.typography.font350.lineHeight",
  "marginBottom": "$theme.sizing.scale300",
  "marginTop": "$theme.sizing.scale300",
  "opacity": 0,
  "paddingBottom": "$theme.sizing.scale600",
  "paddingLeft": "$theme.sizing.scale600",
  "paddingRight": "$theme.sizing.scale600",
  "paddingTop": "$theme.sizing.scale600",
  "pointerEvents": "auto",
  "transitionDuration": "$theme.animation.timing100",
  "transitionProperty": "all",
  "transitionTimingFunction": "$theme.animation.easeInOutCurve",
  "width": "288px",
}
`;

exports[`Component styled components StyledCloseIcon - basic render: StyledSvg has correct default styles 1`] = `
Object {
  "color": "currentColor",
  "cursor": "pointer",
  "display": "inline-block",
  "fill": "currentColor",
  "float": "right",
  "height": "$theme.sizing.scale600",
  "width": "$theme.sizing.scale600",
}
`;
