// Jest Snapshot v1, https://goo.gl/fbAQLP

exports[`Panel basic rendering: Content has correct props 1`] = `
Object {
  "$disabled": false,
  "$expanded": false,
  "children": "content",
}
`;

exports[`Panel basic rendering: Header has correct props 1`] = `
Object {
  "$disabled": false,
  "$expanded": false,
  "aria-disabled": null,
  "aria-expanded": false,
  "children": Array [
    "title",
    <Plus
      $disabled={false}
      $expanded={false}
      overrides={
        Object {
          "Svg": Object {
            "component": [Function],
          },
        }
      }
      title="Expand"
    />,
  ],
  "onClick": [Function],
  "onKeyDown": [Function],
  "role": "button",
  "tabIndex": 0,
}
`;
